// Jest Snapshot v1, https://goo.gl/fbAQLP

exports[`Map component that UI stays consistent 1`] = `
<View
  style={
    {
      "backgroundColor": "#f0ffff",
      "flex": 1,
      "justifyContent": "space-between",
    }
  }
>
  <View
    style={
      {
        "alignItems": "center",
        "flexDirection": "column",
      }
    }
  >
    <Text
      style={
        {
          "color": "black",
          "fontFamily": "Sofia-Pro",
          "fontSize": 25,
          "marginBottom": 10,
          "marginTop": 5,
        }
      }
      testID="gigMapHeader"
    >
      Gigs on Wed Feb 1st 2023
    </Text>
    <View
      style={
        {
          "alignItems": "center",
          "flexDirection": "row",
          "justifyContent": "center",
        }
      }
    >
      <Text
        style={
          {
            "color": "#778899",
            "fontFamily": "Helvetica-Neue",
            "fontStyle": "italic",
          }
        }
      >
        Tap on
      </Text>
      <Image
        source={1}
        style={
          {
            "height": 20,
            "margin": 0,
            "paddingBottom": 10,
            "width": 20,
          }
        }
      />
      <Text
        style={
          {
            "color": "#778899",
            "fontFamily": "Helvetica-Neue",
            "fontStyle": "italic",
          }
        }
      >
         to see gig info
      </Text>
    </View>
    <AIRMap
      customMapStyle={
        [
          {
            "elementType": "geometry",
            "stylers": [
              {
                "color": "#1d2c4d",
              },
            ],
          },
          {
            "elementType": "labels.text.fill",
            "stylers": [
              {
                "color": "#8ec3b9",
              },
            ],
          },
          {
            "elementType": "labels.text.stroke",
            "stylers": [
              {
                "color": "#1a3646",
              },
            ],
          },
          {
            "elementType": "geometry",
            "featureType": "administrative",
            "stylers": [
              {
                "visibility": "off",
              },
            ],
          },
          {
            "elementType": "geometry.stroke",
            "featureType": "administrative.country",
            "stylers": [
              {
                "color": "#4b6878",
              },
            ],
          },
          {
            "elementType": "labels.text.fill",
            "featureType": "administrative.land_parcel",
            "stylers": [
              {
                "color": "#64779e",
              },
            ],
          },
          {
            "elementType": "geometry.stroke",
            "featureType": "administrative.province",
            "stylers": [
              {
                "color": "#4b6878",
              },
            ],
          },
          {
            "elementType": "geometry.stroke",
            "featureType": "landscape.man_made",
            "stylers": [
              {
                "color": "#334e87",
              },
            ],
          },
          {
            "elementType": "geometry",
            "featureType": "landscape.natural",
            "stylers": [
              {
                "color": "#023e58",
              },
            ],
          },
          {
            "featureType": "poi",
            "stylers": [
              {
                "visibility": "off",
              },
            ],
          },
          {
            "elementType": "geometry",
            "featureType": "poi",
            "stylers": [
              {
                "color": "#283d6a",
              },
            ],
          },
          {
            "elementType": "labels.text.fill",
            "featureType": "poi",
            "stylers": [
              {
                "color": "#6f9ba5",
              },
            ],
          },
          {
            "elementType": "labels.text.stroke",
            "featureType": "poi",
            "stylers": [
              {
                "color": "#1d2c4d",
              },
            ],
          },
          {
            "elementType": "geometry.fill",
            "featureType": "poi.park",
            "stylers": [
              {
                "color": "#023e58",
              },
            ],
          },
          {
            "elementType": "labels.text.fill",
            "featureType": "poi.park",
            "stylers": [
              {
                "color": "#3C7680",
              },
            ],
          },
          {
            "elementType": "geometry",
            "featureType": "road",
            "stylers": [
              {
                "color": "#304a7d",
              },
            ],
          },
          {
            "elementType": "labels.icon",
            "featureType": "road",
            "stylers": [
              {
                "visibility": "off",
              },
            ],
          },
          {
            "elementType": "labels.text.fill",
            "featureType": "road",
            "stylers": [
              {
                "color": "#98a5be",
              },
            ],
          },
          {
            "elementType": "labels.text.stroke",
            "featureType": "road",
            "stylers": [
              {
                "color": "#1d2c4d",
              },
            ],
          },
          {
            "elementType": "geometry",
            "featureType": "road.highway",
            "stylers": [
              {
                "color": "#2c6675",
              },
            ],
          },
          {
            "elementType": "geometry.stroke",
            "featureType": "road.highway",
            "stylers": [
              {
                "color": "#255763",
              },
            ],
          },
          {
            "elementType": "labels.text.fill",
            "featureType": "road.highway",
            "stylers": [
              {
                "color": "#b0d5ce",
              },
            ],
          },
          {
            "elementType": "labels.text.stroke",
            "featureType": "road.highway",
            "stylers": [
              {
                "color": "#023e58",
              },
            ],
          },
          {
            "featureType": "transit",
            "stylers": [
              {
                "visibility": "off",
              },
            ],
          },
          {
            "elementType": "labels.text.fill",
            "featureType": "transit",
            "stylers": [
              {
                "color": "#98a5be",
              },
            ],
          },
          {
            "elementType": "labels.text.stroke",
            "featureType": "transit",
            "stylers": [
              {
                "color": "#1d2c4d",
              },
            ],
          },
          {
            "elementType": "geometry.fill",
            "featureType": "transit.line",
            "stylers": [
              {
                "color": "#283d6a",
              },
            ],
          },
          {
            "elementType": "geometry",
            "featureType": "transit.station",
            "stylers": [
              {
                "color": "#3a4762",
              },
            ],
          },
          {
            "elementType": "geometry",
            "featureType": "water",
            "stylers": [
              {
                "color": "#0e1626",
              },
            ],
          },
          {
            "elementType": "labels.text.fill",
            "featureType": "water",
            "stylers": [
              {
                "color": "#4e6d70",
              },
            ],
          },
        ]
      }
      customMapStyleString="[{"elementType":"geometry","stylers":[{"color":"#1d2c4d"}]},{"elementType":"labels.text.fill","stylers":[{"color":"#8ec3b9"}]},{"elementType":"labels.text.stroke","stylers":[{"color":"#1a3646"}]},{"featureType":"administrative","elementType":"geometry","stylers":[{"visibility":"off"}]},{"featureType":"administrative.country","elementType":"geometry.stroke","stylers":[{"color":"#4b6878"}]},{"featureType":"administrative.land_parcel","elementType":"labels.text.fill","stylers":[{"color":"#64779e"}]},{"featureType":"administrative.province","elementType":"geometry.stroke","stylers":[{"color":"#4b6878"}]},{"featureType":"landscape.man_made","elementType":"geometry.stroke","stylers":[{"color":"#334e87"}]},{"featureType":"landscape.natural","elementType":"geometry","stylers":[{"color":"#023e58"}]},{"featureType":"poi","stylers":[{"visibility":"off"}]},{"featureType":"poi","elementType":"geometry","stylers":[{"color":"#283d6a"}]},{"featureType":"poi","elementType":"labels.text.fill","stylers":[{"color":"#6f9ba5"}]},{"featureType":"poi","elementType":"labels.text.stroke","stylers":[{"color":"#1d2c4d"}]},{"featureType":"poi.park","elementType":"geometry.fill","stylers":[{"color":"#023e58"}]},{"featureType":"poi.park","elementType":"labels.text.fill","stylers":[{"color":"#3C7680"}]},{"featureType":"road","elementType":"geometry","stylers":[{"color":"#304a7d"}]},{"featureType":"road","elementType":"labels.icon","stylers":[{"visibility":"off"}]},{"featureType":"road","elementType":"labels.text.fill","stylers":[{"color":"#98a5be"}]},{"featureType":"road","elementType":"labels.text.stroke","stylers":[{"color":"#1d2c4d"}]},{"featureType":"road.highway","elementType":"geometry","stylers":[{"color":"#2c6675"}]},{"featureType":"road.highway","elementType":"geometry.stroke","stylers":[{"color":"#255763"}]},{"featureType":"road.highway","elementType":"labels.text.fill","stylers":[{"color":"#b0d5ce"}]},{"featureType":"road.highway","elementType":"labels.text.stroke","stylers":[{"color":"#023e58"}]},{"featureType":"transit","stylers":[{"visibility":"off"}]},{"featureType":"transit","elementType":"labels.text.fill","stylers":[{"color":"#98a5be"}]},{"featureType":"transit","elementType":"labels.text.stroke","stylers":[{"color":"#1d2c4d"}]},{"featureType":"transit.line","elementType":"geometry.fill","stylers":[{"color":"#283d6a"}]},{"featureType":"transit.station","elementType":"geometry","stylers":[{"color":"#3a4762"}]},{"featureType":"water","elementType":"geometry","stylers":[{"color":"#0e1626"}]},{"featureType":"water","elementType":"labels.text.fill","stylers":[{"color":"#4e6d70"}]}]"
      initialRegion={
        {
          "latitude": -41.29416,
          "latitudeDelta": 0.03,
          "longitude": 174.77782,
          "longitudeDelta": 0.03,
        }
      }
      onChange={[Function]}
      onMapReady={[Function]}
      region={null}
      style={
        {
          "height": 450,
          "margin": 10,
          "width": "100%",
        }
      }
    />
    <View
      style={
        {
          "flexDirection": "row",
          "justifyContent": "space-around",
          "width": "92%",
        }
      }
    >
      <View
        accessible={true}
        collapsable={false}
        focusable={true}
        onClick={[Function]}
        onResponderGrant={[Function]}
        onResponderMove={[Function]}
        onResponderRelease={[Function]}
        onResponderTerminate={[Function]}
        onResponderTerminationRequest={[Function]}
        onStartShouldSetResponder={[Function]}
        style={
          {
            "alignItems": "center",
            "flexDirection": "column",
            "opacity": 1,
          }
        }
      >
        <Text
          allowFontScaling={false}
          selectable={false}
          style={
            [
              {
                "color": "#778899",
                "fontSize": 36,
              },
              undefined,
              {
                "fontFamily": "anticon",
                "fontStyle": "normal",
                "fontWeight": "normal",
              },
              {},
            ]
          }
        >
          
        </Text>
        <Text
          style={
            {
              "color": "#778899",
              "fontFamily": "Helvetica-Neue",
            }
          }
        >
          Previous day
        </Text>
      </View>
      <View
        accessible={true}
        collapsable={false}
        focusable={true}
        onClick={[Function]}
        onResponderGrant={[Function]}
        onResponderMove={[Function]}
        onResponderRelease={[Function]}
        onResponderTerminate={[Function]}
        onResponderTerminationRequest={[Function]}
        onStartShouldSetResponder={[Function]}
        style={
          {
            "alignItems": "center",
            "flexDirection": "column",
            "opacity": 1,
          }
        }
      >
        <Text
          allowFontScaling={false}
          selectable={false}
          style={
            [
              {
                "color": "#778899",
                "fontSize": 36,
              },
              undefined,
              {
                "fontFamily": "anticon",
                "fontStyle": "normal",
                "fontWeight": "normal",
              },
              {},
            ]
          }
        >
          
        </Text>
        <Text
          style={
            {
              "color": "#778899",
              "fontFamily": "Helvetica-Neue",
            }
          }
        >
          Next day
        </Text>
      </View>
    </View>
  </View>
  <View
    style={
      {
        "alignItems": "center",
        "backgroundColor": "white",
        "height": 50,
        "justifyContent": "center",
      }
    }
  >
    <View
      accessible={true}
      collapsable={false}
      focusable={true}
      onClick={[Function]}
      onResponderGrant={[Function]}
      onResponderMove={[Function]}
      onResponderRelease={[Function]}
      onResponderTerminate={[Function]}
      onResponderTerminationRequest={[Function]}
      onStartShouldSetResponder={[Function]}
      style={
        {
          "backgroundColor": "#68912b",
          "borderRadius": 5,
          "opacity": 1,
          "padding": 5,
        }
      }
    >
      <Text
        style={
          {
            "color": "white",
            "fontFamily": "Helvetica-Neue",
          }
        }
      >
        List View
      </Text>
    </View>
  </View>
</View>
`;
